﻿
[vite-react-ssg] Build for client...
[36mvite v8.0.0 [32mbuilding client environment for production...[36m[39m
[2K
transforming...Γ£ô 2066 modules transformed.
rendering chunks...
computing gzip size...
dist/index.html                            4.30 kB Γöé gzip:  1.22 kB
dist/.vite/manifest.json                   4.74 kB Γöé gzip:  0.76 kB
dist/.vite/ssr-manifest.json              36.69 kB Γöé gzip:  3.63 kB
dist/assets/app-Bic-_iCB.css              40.39 kB Γöé gzip:  7.65 kB
dist/assets/client-BMZhQ18n.js             0.17 kB Γöé gzip:  0.14 kB
dist/assets/briefcase-sRDu2wW3.js          0.20 kB Γöé gzip:  0.18 kB
dist/assets/globe-DsAIr5pk.js              0.23 kB Γöé gzip:  0.18 kB
dist/assets/file-text-B4kvuelD.js          0.32 kB Γöé gzip:  0.20 kB
dist/assets/AnimatedSection-DAPUNMIE.js    0.32 kB Γöé gzip:  0.25 kB
dist/assets/users-0_vftEIj.js              0.49 kB Γöé gzip:  0.30 kB
dist/assets/jsx-runtime-Bl2C5Pk-.js        0.66 kB Γöé gzip:  0.43 kB
dist/assets/NotFound-BuiPd8iv.js           0.76 kB Γöé gzip:  0.44 kB
dist/assets/Resources-CZc3xRiY.js          5.22 kB Γöé gzip:  2.10 kB
dist/assets/About-BWGLRZoe.js              7.12 kB Γöé gzip:  2.65 kB
dist/assets/react-B8omQ19S.js              7.26 kB Γöé gzip:  2.87 kB
dist/assets/Home-kI012Cyr.js               8.23 kB Γöé gzip:  2.67 kB
dist/assets/Contact-Bx4TVpJj.js           10.14 kB Γöé gzip:  3.08 kB
dist/assets/Projects-Blc7_K9W.js          12.00 kB Γöé gzip:  4.05 kB
dist/assets/SEO-CjKwYQpw.js               15.00 kB Γöé gzip:  5.37 kB
dist/assets/proxy-BNF0M0t1.js            124.05 kB Γöé gzip: 40.39 kB
dist/assets/react-dom-DVfz8AZq.js        132.68 kB Γöé gzip: 43.05 kB
dist/assets/app-Ce_F4l4o.js              170.68 kB Γöé gzip: 54.91 kB

[32mΓ£ô built in 1.00s[39m

[vite-react-ssg] Build for server...
[36mvite v8.0.0 [32mbuilding ssr environment for production...[36m[39m
[2K
transforming...Γ£ô 26 modules transformed.
rendering chunks...
computing gzip size...
.vite-react-ssg-temp/n2raqey7fz/.vite/manifest.json                  1.92 kB Γöé gzip: 0.42 kB
.vite-react-ssg-temp/n2raqey7fz/assets/AnimatedSection-BRguisji.js   0.48 kB Γöé gzip: 0.31 kB
.vite-react-ssg-temp/n2raqey7fz/assets/NotFound-BctJksyw.js          1.00 kB Γöé gzip: 0.48 kB
.vite-react-ssg-temp/n2raqey7fz/assets/SEO-Bcx7h14N.js               1.90 kB Γöé gzip: 0.58 kB
.vite-react-ssg-temp/n2raqey7fz/assets/Resources-DBSYhQjN.js         6.17 kB Γöé gzip: 2.11 kB
.vite-react-ssg-temp/n2raqey7fz/assets/About-C1AMXrDl.js             8.61 kB Γöé gzip: 2.75 kB
.vite-react-ssg-temp/n2raqey7fz/assets/Home-CWyLgpgn.js             10.18 kB Γöé gzip: 2.74 kB
.vite-react-ssg-temp/n2raqey7fz/assets/Contact-dqrhAIpD.js          13.09 kB Γöé gzip: 3.14 kB
.vite-react-ssg-temp/n2raqey7fz/assets/Projects-DdHSJVJU.js         15.44 kB Γöé gzip: 4.46 kB
.vite-react-ssg-temp/n2raqey7fz/main.mjs                            16.60 kB Γöé gzip: 4.59 kB

[32mΓ£ô built in 100ms[39m
node : 
At line:1 char:1
+ node node_modules\vite-react-ssg\bin\vite-react-ssg.js build > build_ ...
+ ~~~~~~~~~~~~~~~~~~~~~~~~~~~~~~~~~~~~~~~~~~~~~~~~~~~~~~~~~~~~~~~~~~~~~
    + CategoryInfo          : NotSpecified: (:String) [], RemoteException
    + FullyQualifiedErrorId : NativeCommandError
 
[vite-react-ssg] An internal error occurred.
[vite-react-ssg] Please report an issue, if none already exists: 
https://github.com/daydreamer-riri/vite-react-ssg/issues
file:///C:/Users/Anupam%20Baral/Desktop/Portfolio/node_modules/vite-react-ssg/dist/shared/vite-react-ssg.DUkzxBEb.mjs:8
18
  const { routes } = await createRoot(false);
                           ^

TypeError: createRoot is not a function
    at build (file:///C:/Users/Anupam%20Baral/Desktop/Portfolio/node_modules/vite-react-ssg/dist/shared/vite-react-ssg.
DUkzxBEb.mjs:818:28)
    at async Object.handler 
(file:///C:/Users/Anupam%20Baral/Desktop/Portfolio/node_modules/vite-react-ssg/dist/node/cli.mjs:40:5)

Node.js v24.15.0
